22:13:10 **** Incremental Build of configuration Release for project test ****
Info: Internal Builder is used for build
arm-atollic-eabi-gcc -c ..\src\system_stm32f0xx.c -mthumb -mcpu=cortex-m0 -std=gnu11 -DSTM32F042x6 -DHSI48_VALUE=((uint32_t)48000000) -I../src -I../Drivers/CMSIS/Include -I../Drivers/CMSIS/Device/ST/STM32F0xx/Include -I../Drivers/STM32F0xx_HAL_Driver/Inc -Os -ffunction-sections -fdata-sections -fstack-usage -Wall -o src\system_stm32f0xx.o 
arm-atollic-eabi-gcc -c ..\src\tiny_printf.c -mthumb -mcpu=cortex-m0 -std=gnu11 -DSTM32F042x6 -DHSI48_VALUE=((uint32_t)48000000) -I../src -I../Drivers/CMSIS/Include -I../Drivers/CMSIS/Device/ST/STM32F0xx/Include -I../Drivers/STM32F0xx_HAL_Driver/Inc -Os -ffunction-sections -fdata-sections -fstack-usage -Wall -o src\tiny_printf.o 
arm-atollic-eabi-gcc -c -mthumb -mcpu=cortex-m0 -DSTM32F042x6 -DHSI48_VALUE=((uint32_t)48000000) -I../src -I../Drivers/CMSIS/Include -I../Drivers/CMSIS/Device/ST/STM32F0xx/Include -I../Drivers/STM32F0xx_HAL_Driver/Inc -Wa,--warn -x assembler-with-cpp -o src\startup_stm32f042x6.o ..\src\startup_stm32f042x6.s 
arm-atollic-eabi-gcc -c ..\src\main.c -mthumb -mcpu=cortex-m0 -std=gnu11 -DSTM32F042x6 -DHSI48_VALUE=((uint32_t)48000000) -I../src -I../Drivers/CMSIS/Include -I../Drivers/CMSIS/Device/ST/STM32F0xx/Include -I../Drivers/STM32F0xx_HAL_Driver/Inc -Os -ffunction-sections -fdata-sections -fstack-usage -Wall -o src\main.o 
arm-atollic-eabi-gcc -o test.elf src\main.o src\startup_stm32f042x6.o src\system_stm32f0xx.o src\tiny_printf.o -mthumb -mcpu=cortex-m0 -T../stm32_flash.ld -specs=nosys.specs -static -Wl,-cref,-u,Reset_Handler -Wl,-Map=test.map -Wl,--gc-sections -Wl,--defsym=malloc_getpagesize_P=0x80 -Wl,--start-group -lc -lm -Wl,--end-group 
E:\Program Files (x86)\TrueSTUDIO for STM32 9.3.0\ide\jre\bin\java -jar E:\Program Files (x86)\TrueSTUDIO for STM32 9.3.0\Tools\arm-atollic-reports.jar sizeinfo list test.elf 
Generate build reports...
Print size information
   text	   data	    bss	    dec	    hex	filename
    576	      8	    156	    740	    2e4	test.elf
Print size information done
Generate listing file
Output sent to: test.list
Generate listing file done
Generate build reports done

22:13:17 Build Finished (took 7s.623ms)

